<testsuites id="" name="" tests="2" failures="0" skipped="0" errors="0" time="4.945787999999999">
<testsuite name="login.spec.ts" timestamp="2026-09-23T04:01:20.461Z" hostname="chromium" tests="1" failures="0" skipped="0" time="2.319" errors="0">
<testcase name="user dapat login dengan sukses menggunakan akun standar" classname="login.spec.ts" time="2.319">
</testcase>
</testsuite>
<testsuite name="login.spec.ts" timestamp="2026-09-23T04:01:20.461Z" hostname="mobile" tests="1" failures="0" skipped="0" time="2.34" errors="0">
<testcase name="user dapat login dengan sukses menggunakan akun standar" classname="login.spec.ts" time="2.34">
</testcase>
</testsuite>
</testsuites>